[    1412ms] [LOG] AdFuelError event fired: CustomEvent @ https://edition.cnn.com/media/sites/js/bundles/cnn-edition-adfuel-body-4f5702656cd8f4223620039026c7c6ddef28fe7bd21467289a55cfecc58ecf1f.min.js:0
[    2621ms] [LOG] {adSessionID: c90384c0-7027-47dd-8d2e-6787420bfca4, advertisingIdentifier: null, appSessionId: c90384c0-7027-47dd-8d2e-6787420bfca4, applicationIdentifier: edition.cnn.com, applicationName: cnn} @ https://registry.api.cnn.io/bundles/fave/boltPlayer-c10c3e73/boltPlayer:0
[    2795ms] [ERROR] FAVE -->> KeyValueStore: Error invoking key/value pair function. TypeError: window.turner_getGuid is not a function
    at https://edition.cnn.com/:16953:1086
    at k._processKeyValuePairs (https://registry.api.cnn.io/bundles/fave/boltInstance-ce15b41c/boltInstance:1:155549)
    at k.getKeyValuePairs (https://registry.api.cnn.io/bundles/fave/boltInstance-ce15b41c/boltInstance:1:157400)
    at L._updateAdKvpsConfig (https://registry.api.cnn.io/bundles/fave/boltInstance-ce15b41c/boltInstance:1:131639)
    at L._updateAudioKeyValuePairs (https://registry.api.cnn.io/bundles/fave/boltInstance-ce15b41c/boltInstance:1:214825)
    at L._setSound (https://registry.api.cnn.io/bundles/fave/boltInstance-ce15b41c/boltInstance:1:205314)
    at L._handleCallback (https://registry.api.cnn.io/bundles/fave/boltInstance-ce15b41c/boltInstance:1:198818)
    at https://registry.api.cnn.io/bundles/fave/boltInstance-ce15b41c/boltInstance:1:170168 @ https://registry.api.cnn.io/bundles/fave/latest-4.x/js:0
[    2800ms] [ERROR] FAVE -->> KeyValueStore: Error invoking key/value pair function. TypeError: window.turner_getGuid is not a function
    at https://edition.cnn.com/:16953:1086
    at k._processKeyValuePairs (https://registry.api.cnn.io/bundles/fave/boltInstance-ce15b41c/boltInstance:1:155549)
    at k.getKeyValuePairs (https://registry.api.cnn.io/bundles/fave/boltInstance-ce15b41c/boltInstance:1:157400)
    at L._updateAdKvpsConfig (https://registry.api.cnn.io/bundles/fave/boltInstance-ce15b41c/boltInstance:1:131639)
    at L._updateAudioKeyValuePairs (https://registry.api.cnn.io/bundles/fave/boltInstance-ce15b41c/boltInstance:1:214825)
    at L._setAdsConfigurations (https://registry.api.cnn.io/bundles/fave/boltInstance-ce15b41c/boltInstance:1:178362)
    at L._setAdsConfigurations (https://registry.api.cnn.io/bundles/fave/boltInstance-ce15b41c/boltInstance:1:129211)
    at L._setSource (https://registry.api.cnn.io/bundles/fave/boltInstance-ce15b41c/boltInstance:1:125487)
    at L._loadMedia (https://registry.api.cnn.io/bundles/fave/boltInstance-ce15b41c/boltInstance:1:125207)
    at Object.<anonymous> (https://registry.api.cnn.io/bundles/fave/boltInstance-ce15b41c/boltInstance:1:175057) @ https://registry.api.cnn.io/bundles/fave/latest-4.x/js:0
[    2802ms] [ERROR] FAVE -->> KeyValueStore: Error invoking key/value pair function. TypeError: window.turner_getGuid is not a function
    at https://edition.cnn.com/:16953:1086
    at k._processKeyValuePairs (https://registry.api.cnn.io/bundles/fave/boltInstance-ce15b41c/boltInstance:1:155549)
    at k.getKeyValuePairs (https://registry.api.cnn.io/bundles/fave/boltInstance-ce15b41c/boltInstance:1:157400)
    at L._setAdsConfigurations (https://registry.api.cnn.io/bundles/fave/boltInstance-ce15b41c/boltInstance:1:178662)
    at async L._setAdsConfigurations (https://registry.api.cnn.io/bundles/fave/boltInstance-ce15b41c/boltInstance:1:129199)
    at async L._setSource (https://registry.api.cnn.io/bundles/fave/boltInstance-ce15b41c/boltInstance:1:125476) @ https://registry.api.cnn.io/bundles/fave/latest-4.x/js:0
[    2900ms] [ERROR] FAVE -->> KeyValueStore: Error invoking key/value pair function. TypeError: window.turner_getGuid is not a function
    at https://edition.cnn.com/:16953:1086
    at k._processKeyValuePairs (https://registry.api.cnn.io/bundles/fave/boltInstance-ce15b41c/boltInstance:1:155549)
    at k.getKeyValuePairs (https://registry.api.cnn.io/bundles/fave/boltInstance-ce15b41c/boltInstance:1:157400)
    at L._updateAdKvpsConfig (https://registry.api.cnn.io/bundles/fave/boltInstance-ce15b41c/boltInstance:1:131639)
    at L._updateAudioKeyValuePairs (https://registry.api.cnn.io/bundles/fave/boltInstance-ce15b41c/boltInstance:1:214825)
    at https://registry.api.cnn.io/bundles/fave/boltInstance-ce15b41c/boltInstance:1:187371
    at n.execute (https://registry.api.cnn.io/bundles/fave/vendor-b9ed4bce/vendor:1:1151600)
    at s.dispatch (https://registry.api.cnn.io/bundles/fave/vendor-b9ed4bce/vendor:1:1153704)
    at s.dispatch (https://registry.api.cnn.io/bundles/fave/vendor-b9ed4bce/vendor:1:1151425)
    at o._onPlayerVolumeChange (https://registry.api.cnn.io/bundles/fave/boltInstance-ce15b41c/boltInstance:1:239801) @ https://registry.api.cnn.io/bundles/fave/latest-4.x/js:0
[    2901ms] [ERROR] FAVE -->> KeyValueStore: Error invoking key/value pair function. TypeError: window.turner_getGuid is not a function
    at https://edition.cnn.com/:16953:1086
    at k._processKeyValuePairs (https://registry.api.cnn.io/bundles/fave/boltInstance-ce15b41c/boltInstance:1:155549)
    at k.getKeyValuePairs (https://registry.api.cnn.io/bundles/fave/boltInstance-ce15b41c/boltInstance:1:157400)
    at L._updateAdKvpsConfig (https://registry.api.cnn.io/bundles/fave/boltInstance-ce15b41c/boltInstance:1:131639)
    at L._updateAudioKeyValuePairs (https://registry.api.cnn.io/bundles/fave/boltInstance-ce15b41c/boltInstance:1:214825)
    at https://registry.api.cnn.io/bundles/fave/boltInstance-ce15b41c/boltInstance:1:187540
    at n.execute (https://registry.api.cnn.io/bundles/fave/vendor-b9ed4bce/vendor:1:1151600)
    at s.dispatch (https://registry.api.cnn.io/bundles/fave/vendor-b9ed4bce/vendor:1:1153704)
    at s.dispatch (https://registry.api.cnn.io/bundles/fave/vendor-b9ed4bce/vendor:1:1151425)
    at o._onPlayerMuteChange (https://registry.api.cnn.io/bundles/fave/boltInstance-ce15b41c/boltInstance:1:239871) @ https://registry.api.cnn.io/bundles/fave/latest-4.x/js:0
[    3136ms] [WARNING] [GPT] Slot.setTargeting is deprecated, use Slot.setConfig({targeting: ...}) instead.
https://goo.gle/gpt-message#171 @ https://securepubads.g.doubleclick.net/pagead/managed/js/gpt/m202605130201/pubads_impl.js?cb=95391993:18
[    3138ms] [WARNING] [GPT] PubAdsService.setTargeting is deprecated, use googletag.setConfig({targeting: ...}) instead.
https://goo.gle/gpt-message#170 @ https://securepubads.g.doubleclick.net/pagead/managed/js/gpt/m202605130201/pubads_impl.js?cb=95391993:18
[    3276ms] [WARNING] [GSI_LOGGER]: Your client application uses one of the Google One Tap prompt UI status methods that may stop functioning when FedCM becomes mandatory. Refer to the migration guide to update your code accordingly and opt-in to FedCM to test your changes. Learn more: https://developers.google.com/identity/gsi/web/guides/fedcm-migration?s=dc#display_moment and https://developers.google.com/identity/gsi/web/guides/fedcm-migration?s=dc#skipped_moment @ https://accounts.google.com/gsi/client:84
[    3287ms] [ERROR] Not signed in with the identity provider. @ https://edition.cnn.com/:0
[    3287ms] [LOG] [BL]  [raiseEvent] OnInit{"elementUrl":"https://edition.cnn.com/"} @ https://registry.api.cnn.io/bundles/fave/boltPlayer-c10c3e73/boltPlayer:0
[    3289ms] [LOG] [BL]  [raiseEvent] OnManifestLoadedundefined @ https://registry.api.cnn.io/bundles/fave/boltPlayer-c10c3e73/boltPlayer:0
[    5253ms] [WARNING] Failed to execute 'postMessage' on 'DOMWindow': The target origin provided ('https://tpc.googlesyndication.com') does not match the recipient window's origin ('https://edition.cnn.com'). @ https://registry.api.cnn.io/bundles/fave/boltPlayer-c10c3e73/boltPlayer:0
[    5920ms] [WARNING] com.microsoft.playready.recommendation: Internal testing is highly recommended prior to enabling PlayReady playback on Windows. Failure to do so may cause application instability or playback errors.

Before generating a request, setServerCertificate() must be called with a valid server certificate. Otherwise, generateRequest() could fail. @ https://registry.api.cnn.io/bundles/fave/boltPlayer-c10c3e73/boltPlayer:0
[    5921ms] [WARNING] It is recommended that a robustness level be specified. Not specifying the robustness level could result in unexpected behavior. @ https://registry.api.cnn.io/bundles/fave/boltPlayer-c10c3e73/boltPlayer:0
[    6287ms] [ERROR] Player | Player received error, stopping playback session: f82afccc-2ef0-4735-9dc5-2b50309cf03b code:1K-0043 message: NoKeySystemAvailable: No key system available on device undefined @ https://registry.api.cnn.io/bundles/fave/boltPlayer-c10c3e73/boltPlayer:1345
[    7021ms] [ERROR] [GSI_LOGGER]: FedCM get() rejects with AbortError: signal is aborted without reason @ https://accounts.google.com/gsi/client:85
[    7058ms] [WARNING] [GPT] Using deprecated googletag.encryptedSignalProviders. Please use googletag.secureSignalProviders instead.
https://goo.gle/gpt-message#155 @ https://securepubads.g.doubleclick.net/pagead/managed/js/gpt/m202605130201/pubads_impl.js?cb=95391993:18
[    7666ms] [INFO] Powered by AMP ⚡ HTML – Version 2605071401000 https://edition.cnn.com/ @ https://cdn.ampproject.org/rtv/012605071401000/amp4ads-v0.mjs:1
[    8133ms] TypeError: Cannot read properties of undefined (reading 'track')
    at c (https://edition.cnn.com/:17287:1241)
    at T (https://edition.cnn.com/:17287:1442)
[    8960ms] [LOG] AdFuelError event fired: CustomEvent @ https://edition.cnn.com/media/sites/js/bundles/cnn-edition-adfuel-body-4f5702656cd8f4223620039026c7c6ddef28fe7bd21467289a55cfecc58ecf1f.min.js:0
[    9725ms] [WARNING] [GPT] PubAdsService.setTargeting is deprecated, use googletag.setConfig({targeting: ...}) instead.
https://goo.gle/gpt-message#170 @ https://securepubads.g.doubleclick.net/pagead/managed/js/gpt/m202605130201/pubads_impl.js?cb=95391993:18
[    9825ms] [ERROR] Failed to load resource: the server responded with a status of 451 () @ https://api.rlcdn.com/api/identity/envelope?pid=13452&ct=4&cv=CQknB0AQknB0AAcABBENCgFgAP_AAAAAAAwIKdwL4AFAAaABUADMAHwAhABIAC4AGQANIAeAB6AEUAJMATABNACgAFIALYAYYBBgEIAI6AUYBSACtAHcAPYAgEBBwEIAIsAR0AnYBSQCxAFpALqAdUBBgCNQExAJ0AWjAvIC8wGLAMZAZYAy8BqoDdQHBASRAp2AAAAwJAOAAqACAAEkAMgA0AB4AEwAQgAjgBWgDuAHsAQABeYDdQgAMAg4C8gGLDoCgACwAKgAgABIAC6AGQAaAA8ACYAI4AUYArQB3AD2AIsAR0AsQC8wGWANVAbqOACAEAgIOAhACYgGLEIAoACwAXADuAWiA1UgADALEAvIBixKASAAsAEgAPAAmACOAFGAK0BeYDLCQAUAdwBAACDgJiAYsUgHAALAAqACCAGQAaAA8ACYAI4AUYArQCLAEdAXmAywBupQASACQAFwA7gCAAEHALEAmIBeQDFi0AEAdxYACAmI.f_gAAAAAAAAA.IKdwMIAFAAaABUADMAHwAhABIAC4AGQANIAeAB6AEUAJMATABNACgAFIALYAYYBBgEIAI6AUYBSACtAHcAPYAgEBBwEIAIsAR0AnYBSQCxAFpALqAZ8A6oCDAEagJiAToAtGBeQF5gMWAYyAywBl4DVQG6gOCAkiBTsA:0
[    9881ms] [LOG] CEP Topic Collection:  [Object, Object, Object] @ https://edition.cnn.com/media/sites/js/bundles/cnn-edition-adfuel-90b90dcb7e32397764fa35be509f8319d719b39f431d9b8271a1064a98b46190.min.js:0
[   10520ms] [LOG] {adSessionID: c90384c0-7027-47dd-8d2e-6787420bfca4, advertisingIdentifier: null, appSessionId: c90384c0-7027-47dd-8d2e-6787420bfca4, applicationIdentifier: edition.cnn.com, applicationName: cnn} @ https://cadmus.script.ac/d2uap9jskdzp2/script.js:0
[   10617ms] [ERROR] Attestation check for Protected Audience on https://elb.the-ozone-project.com failed. @ https://edition.cnn.com/:0
[   10617ms] [ERROR] Attestation check for Protected Audience on https://direct.adsrvr.org failed. @ https://edition.cnn.com/:0
[   10617ms] [ERROR] Attestation check for Protected Audience on https://a.teads.tv failed. @ https://edition.cnn.com/:0
[   10617ms] [ERROR] Attestation check for Protected Audience on https://htlb.casalemedia.com failed. @ https://edition.cnn.com/:0
[   10618ms] [ERROR] Attestation check for Protected Audience on https://ib.adnxs.com failed. @ https://edition.cnn.com/:0
[   10618ms] [ERROR] Attestation check for Protected Audience on https://fastlane.rubiconproject.com failed. @ https://edition.cnn.com/:0
[   10618ms] [ERROR] Attestation check for Protected Audience on https://btlr.sharethrough.com failed. @ https://edition.cnn.com/:0
[   10618ms] [ERROR] Attestation check for Protected Audience on https://btlr.sharethrough.com failed. @ https://edition.cnn.com/:0
[   10663ms] [LOG] [PTK] cookies  @ https://lightning.warnermediacdn.com/cdp/psmtk/getcdpid.html:37
[   10664ms] [LOG] [PTK] cdpId c1798f41-2a9f-402a-9ce7-109e305978d3 @ https://lightning.warnermediacdn.com/cdp/psmtk/getcdpid.html:40
[   10665ms] [LOG] [PTK] setting cookie in iFrame @ https://lightning.warnermediacdn.com/cdp/psmtk/getcdpid.html:41
[   10665ms] [LOG] [PTK] setting CDPID to c1798f41-2a9f-402a-9ce7-109e305978d3 on domain warnermediacdn.com @ https://lightning.warnermediacdn.com/cdp/psmtk/getcdpid.html:15
[   10666ms] [LOG] [PTK] expires Mon, 19 May 2036 20:44:47 GMT @ https://lightning.warnermediacdn.com/cdp/psmtk/getcdpid.html:17
[   11097ms] [LOG] [BL]  [raiseEvent] OnInit{"elementUrl":"https://edition.cnn.com/"} @ https://cadmus.script.ac/d2uap9jskdzp2/script.js:0
[   11098ms] [LOG] [BL]  [raiseEvent] OnManifestLoadedundefined @ https://cadmus.script.ac/d2uap9jskdzp2/script.js:0
[   11375ms] [WARNING] [GPT] Slot.setTargeting is deprecated, use Slot.setConfig({targeting: ...}) instead.
https://goo.gle/gpt-message#171 @ https://securepubads.g.doubleclick.net/pagead/managed/js/gpt/m202605130201/pubads_impl.js?cb=95391993:18
[   11535ms] [ERROR] Attestation check for Protected Audience on https://hbopenbid.pubmatic.com failed. @ https://edition.cnn.com/:0
[   11535ms] [ERROR] Attestation check for Protected Audience on https://grid-bidder.criteo.com failed. @ https://edition.cnn.com/:0
[   12057ms] [WARNING] An iframe which has both allow-scripts and allow-same-origin for its sandbox attribute can escape its sandboxing. @ https://cadmus.script.ac/d2uap9jskdzp2/script.js:0
[   12222ms] [WARNING] An iframe which has both allow-scripts and allow-same-origin for its sandbox attribute can escape its sandboxing. @ https://cadmus.script.ac/d2uap9jskdzp2/script.js:0
[   12855ms] [ERROR] Failed to load resource: the server responded with a status of 400 () @ https://ssp.wp.pl/v1/sync/pixel/pubmatic?gdpr=1&gdpr_consent=CQknB0AQknB0AAcABBENCgFgAP_AAAAAAAwIKdwL4AFAAaABUADMAHwAhABIAC4AGQANIAeAB6AEUAJMATABNACgAFIALYAYYBBgEIAI6AUYBSACtAHcAPYAgEBBwEIAIsAR0AnYBSQCxAFpALqAdUBBgCNQExAJ0AWjAvIC8wGLAMZAZYAy8BqoDdQHBASRAp2AAAAwJAOAAqACAAEkAMgA0AB4AEwAQgAjgBWgDuAHsAQABeYDdQgAMAg4C8gGLDoCgACwAKgAgABIAC6AGQAaAA8ACYAI4AUYArQB3AD2AIsAR0AsQC8wGWANVAbqOACAEAgIOAhACYgGLEIAoACwAXADuAWiA1UgADALEAvIBixKASAAsAEgAPAAmACOAFGAK0BeYDLCQAUAdwBAACDgJiAYsUgHAALAAqACCAGQAaAA8ACYAI4AUYArQCLAEdAXmAywBupQASACQAFwA7gCAAEHALEAmIBeQDFi0AEAdxYACAmI.f_gAAAAAAAAA.IKdwMIAFAAaABUADMAHwAhABIAC4AGQANIAeAB6AEUAJMATABNACgAFIALYAYYBBgEIAI6AUYBSACtAHcAPYAgEBBwEIAIsAR0AnYBSQCxAFpALqAZ8A6oCDAEagJiAToAtGBeQF5gMWAYyAywBl4DVQG6gOCAkiBTsA:0
[   12926ms] [INFO] Powered by AMP ⚡ HTML – Version 2605071401000 https://edition.cnn.com/ @ https://cdn.ampproject.org/rtv/012605071401000/amp4ads-v0.mjs:1
[   13100ms] [ERROR] Failed to load resource: the server responded with a status of 400 () @ https://match.prod.bidr.io/cookie-sync/rp?bee_sync_partners=rp&gdpr_consent=CQknB0AQknB0AAcABBENCgFgAP_AAAAAAAwIKdwL4AFAAaABUADMAHwAhABIAC4AGQANIAeAB6AEUAJMATABNACgAFIALYAYYBBgEIAI6AUYBSACtAHcAPYAgEBBwEIAIsAR0AnYBSQCxAFpALqAdUBBgCNQExAJ0AWjAvIC8wGLAMZAZYAy8BqoDdQHBASRAp2AAAAwJAOAAqACAAEkAMgA0AB4AEwAQgAjgBWgDuAHsAQABeYDdQgAMAg4C8gGLDoCgACwAKgAgABIAC6AGQAaAA8ACYAI4AUYArQB3AD2AIsAR0AsQC8wGWANVAbqOACAEAgIOAhACYgGLEIAoACwAXADuAWiA1UgADALEAvIBixKASAAsAEgAPAAmACOAFGAK0BeYDLCQAUAdwBAACDgJiAYsUgHAALAAqACCAGQAaAA8ACYAI4AUYArQCLAEdAXmAywBupQASACQAFwA7gCAAEHALEAmIBeQDFi0AEAdxYACAmI.f_gAAAAAAAAA.IKdwMIAFAAaABUADMAHwAhABIAC4AGQANIAeAB6AEUAJMATABNACgAFIALYAYYBBgEIAI6AUYBSACtAHcAPYAgEBBwEIAIsAR0AnYBSQCxAFpALqAZ8A6oCDAEagJiAToAtGBeQF5gMWAYyAywBl4DVQG6gOCAkiBTsA&gdpr=1:0
[   13139ms] [ERROR] Failed to load resource: the server responded with a status of 451 () @ https://id.rlcdn.com/709414.gif?gdpr_consent=CQknB0AQknB0AAcABBENCgFgAP_AAAAAAAwIKdwL4AFAAaABUADMAHwAhABIAC4AGQANIAeAB6AEUAJMATABNACgAFIALYAYYBBgEIAI6AUYBSACtAHcAPYAgEBBwEIAIsAR0AnYBSQCxAFpALqAdUBBgCNQExAJ0AWjAvIC8wGLAMZAZYAy8BqoDdQHBASRAp2AAAAwJAOAAqACAAEkAMgA0AB4AEwAQgAjgBWgDuAHsAQABeYDdQgAMAg4C8gGLDoCgACwAKgAgABIAC6AGQAaAA8ACYAI4AUYArQB3AD2AIsAR0AsQC8wGWANVAbqOACAEAgIOAhACYgGLEIAoACwAXADuAWiA1UgADALEAvIBixKASAAsAEgAPAAmACOAFGAK0BeYDLCQAUAdwBAACDgJiAYsUgHAALAAqACCAGQAaAA8ACYAI4AUYArQCLAEdAXmAywBupQASACQAFwA7gCAAEHALEAmIBeQDFi0AEAdxYACAmI.f_gAAAAAAAAA.IKdwMIAFAAaABUADMAHwAhABIAC4AGQANIAeAB6AEUAJMATABNACgAFIALYAYYBBgEIAI6AUYBSACtAHcAPYAgEBBwEIAIsAR0AnYBSQCxAFpALqAZ8A6oCDAEagJiAToAtGBeQF5gMWAYyAywBl4DVQG6gOCAkiBTsA&gdpr=1:0
[   13248ms] [WARNING] com.microsoft.playready.recommendation: Internal testing is highly recommended prior to enabling PlayReady playback on Windows. Failure to do so may cause application instability or playback errors.

Before generating a request, setServerCertificate() must be called with a valid server certificate. Otherwise, generateRequest() could fail. @ https://registry.api.cnn.io/bundles/fave/boltPlayer-c10c3e73/boltPlayer:0
[   13249ms] [WARNING] It is recommended that a robustness level be specified. Not specifying the robustness level could result in unexpected behavior. @ https://registry.api.cnn.io/bundles/fave/boltPlayer-c10c3e73/boltPlayer:0
[   13600ms] [ERROR] Player | Player received error, stopping playback session: 9ba186a9-5760-493c-a3f2-8aaf1ca9495d code:1K-0043 message: NoKeySystemAvailable: No key system available on device undefined @ https://registry.api.cnn.io/bundles/fave/boltPlayer-c10c3e73/boltPlayer:1345
[   13810ms] [TIMEEND] a: 0.008056640625 ms @ https://static.adsafeprotected.com/sca.17.6.4.js:31
